C51 COMPILER V9.01   ATIME_MAIN                                                            01/14/2017 11:09:30 PAGE 1   


C51 COMPILER V9.01, COMPILATION OF MODULE ATIME_MAIN
OBJECT MODULE PLACED IN atime_main.OBJ
COMPILER INVOKED BY: C:\Program Files\keil\C51\BIN\C51.EXE atime_main.c BROWSE INCDIR(..\库目录) DEBUG OBJECTEXTEND

line level    source

   1          #include "STC15F2K60S2.H"                //可以替换REG52.H，建议使用这个头文件
   2          #include "atime_debug.h"
   3          #include "atime_app.c"
   4          #include "atime_pca9685.h"
   5          
   6          void main()
   7          {
   8   1              debug_init();
   9   1              pca9685_reset();
  10   1              pca9685_setfreq(66);
  11   1      
  12   1              pca9685_setpwm(0,0,200);
  13   1              pca9685_setpwm(1,0,580);
  14   1      
  15   1              pca9685_setpwm(2,0,400);
  16   1              pca9685_setpwm(3,0,220);
  17   1      
  18   1              while(1);
  19   1      }


MODULE INFORMATION:   STATIC OVERLAYABLE
   CODE SIZE        =    867    ----
   CONSTANT SIZE    =   ----    ----
   XDATA SIZE       =   ----    ----
   PDATA SIZE       =   ----    ----
   DATA SIZE        =      1      23
   IDATA SIZE       =   ----    ----
   BIT SIZE         =   ----       2
END OF MODULE INFORMATION.


C51 COMPILATION COMPLETE.  0 WARNING(S),  0 ERROR(S)
